
============================================================
گزارش تست کامل سایت چیدمانو
============================================================

📊 آمار کلی:
   • کل تست‌ها: 12
   • موفق: 11
   • ناموفق: 1
   • درصد موفقیت: 91.7%
   • مدت زمان: 0:00:13.082407

📋 جزئیات تست‌ها:
   ✅ صفحه اصلی: موفق
      📝 Status: 200
   ✅ صفحه اصلی فروشگاه: موفق
      📝 Status: 200
   ✅ صفحه ثبت‌نام: موفق
      📝 Status: 200
   ✅ صفحه ورود: موفق
      📝 Status: 200
   ❌ صفحه فرم تحلیل: ناموفق
      📝 صفحه نیاز به ورود دارد
   ✅ وضعیت سیستم: موفق
      📝 سیستم سالم است
   ✅ صفحه ادمین: موفق
      📝 Status: 200
   ✅ CDN Bootstrap CSS: موفق
      📝 Bootstrap CSS از CDN در دسترس
   ✅ CDN Font Awesome: موفق
      📝 Font Awesome از CDN در دسترس
   ✅ فایل‌های CSS محلی: موفق
      📝 فایل‌های CSS محلی در دسترس
   ✅ ارسال فرم: موفق
      📝 Status: 403
   ✅ Health API: موفق
      📝 Health endpoint در دسترس

============================================================
نتیجه نهایی: ⚠️ نیاز به بررسی
============================================================
